Microchip MPLAB XC8 Compiler V2.40

Linker command line:

-W-3 \
  --edf=C:\Program Files\Microchip\xc8\v2.40\pic\dat\20220703182018_en.msgs \
  -cn -h+dist/default/production\SPI.X.production.sym \
  --cmf=dist/default/production\SPI.X.production.cmf -z -Q16F887 \
  -oC:\Users\USUARI~1\AppData\Local\Temp\xcAsmj0.5 --defsym=__MPLAB_BUILD=1 \
  --fixupoverflow=error -Mdist/default/production/SPI.X.production.map \
  --md=C:\Users\USUARI~1\AppData\Local\Temp\xcAsmj0.dat -E1 \
  -ver=XC8 Compiler --acfsm=1493 -ACODE=00h-07FFhx4 -ASTRCODE=00h-01FFFh \
  -ASTRING=00h-0FFhx32 -ACONST=00h-0FFhx32 -AENTRY=00h-0FFhx32 \
  -ACOMMON=070h-07Fh -ABANK0=020h-06Fh -ABANK1=0A0h-0EFh \
  -ABANK2=0110h-016Fh -ABANK3=0190h-01EFh \
  -ARAM=020h-06Fh,0A0h-0EFh,0110h-016Fh,0190h-01EFh \
  -AABS1=020h-07Fh,0A0h-0EFh,0110h-016Fh,0190h-01EFh -ASFR0=00h-01Fh \
  -ASFR1=080h-09Fh -ASFR2=0100h-010Fh -ASFR3=0180h-018Fh \
  -ACONFIG=02007h-02008h -DCONFIG=2 -AIDLOC=02000h-02003h -DIDLOC=2 \
  -AEEDATA=00h-0FFh/02100h -peeprom_data=EEDATA -DEEDATA=2 -DCODE=2 \
  -DSTRCODE=2 -DSTRING=2 -DCONST=2 -DENTRY=2 \
  -preset_vec=00h,intentry=04h,init,end_init -ppowerup=CODE -pcinit=CODE \
  -pfunctab=ENTRY -k C:\Users\USUARI~1\AppData\Local\Temp\xcAsmj0.o \
  dist/default/production\SPI.X.production.o 

Object code version is 3.11

Machine type is 16F887



                Name                               Link     Load   Length Selector   Space Scale
C:\Users\USUARI~1\AppData\Local\Temp\xcAsmj0.o
                end_init                              C        C        3        8       0
                reset_vec                             0        0        3        0       0
                config                             2007     2007        2        0       4
                idloc                              2000     2000        4        0       5
dist/default/production\SPI.X.production.o
                cinit                                 F        F        E        8       0
                intentry                              4        4        8        8       0
                config                             2007     2007        2        0       4
                idloc                              2000     2000        4        0       5
                text20                              4A3      4A3        7      7D2       0
                text19                              4B6      4B6        6      7D2       0
                text18                              430      430       1A      7D2       0
                text17                              410      410       20      7D2       0
                text16                              460      460       16      7D2       0
                text15                              2FA      2FA       46        8       0
                text14                              340      340       44        8       0
                text13                              384      384       3C        8       0
                text12                               1D       1D       DC        8       0
                text11                               F9       F9       A8        8       0
                text10                              2AF      2AF       4B        8       0
                text9                               4BC      4BC        3      7D2       0
                text8                               23E      23E       71        8       0
                text7                               476      476       15      7D2       0
                text6                               4B0      4B0        6      7D2       0
                text5                               44A      44A       16      7D2       0
                text4                               3E9      3E9       27      7D2       0
                text3                               49C      49C        7      7D2       0
                text2                               48B      48B        9      7D2       0
                text1                               4AA      4AA        6      7D2       0
                maintext                            1A1      1A1       9D        8       0
                cstackBANK0                          20       20       17       20       1
                cstackCOMMON                         70       70        B       70       1
                clrtext                             494      494        8      7D2       0
                bssBANK0                             37       37       12       20       1
                bssCOMMON                            7B       7B        1       70       1
                strings                             3C0      3C0       29      780       0

TOTAL           Name                               Link     Load   Length     Space
        CLASS   CODE           
                end_init                              C        C        3         0
                cinit                                 F        F        E         0
                intentry                              4        4        8         0
                reset_vec                             0        0        3         0
                text20                              4A3      4A3        7         0
                text19                              4B6      4B6        6         0
                text18                              430      430       1A         0
                text17                              410      410       20         0
                text16                              460      460       16         0
                text15                              2FA      2FA       46         0
                text14                              340      340       44         0
                text13                              384      384       3C         0
                text12                               1D       1D       DC         0
                text11                               F9       F9       A8         0
                text10                              2AF      2AF       4B         0
                text9                               4BC      4BC        3         0
                text8                               23E      23E       71         0
                text7                               476      476       15         0
                text6                               4B0      4B0        6         0
                text5                               44A      44A       16         0
                text4                               3E9      3E9       27         0
                text3                               49C      49C        7         0
                text2                               48B      48B        9         0
                text1                               4AA      4AA        6         0
                maintext                            1A1      1A1       9D         0
                clrtext                             494      494        8         0

        CLASS   STRCODE        

        CLASS   STRING         
                strings                             3C0      3C0       29         0

        CLASS   CONST          

        CLASS   ENTRY          

        CLASS   COMMON         
                cstackCOMMON                         70       70        B         1
                bssCOMMON                            7B       7B        1         1

        CLASS   BANK0          
                cstackBANK0                          20       20       17         1
                bssBANK0                             37       37       12         1

        CLASS   BANK1          

        CLASS   BANK2          

        CLASS   BANK3          

        CLASS   RAM            

        CLASS   ABS1           
                abs_s1                               7E       7E        2         1

        CLASS   SFR0           

        CLASS   SFR1           

        CLASS   SFR2           

        CLASS   SFR3           

        CLASS   CONFIG         
                config                             2007     2007        2         4

        CLASS   IDLOC          
                idloc                              2000     2000        4         5

        CLASS   EEDATA         

        CLASS   STACK          



SEGMENTS        Name                           Load    Length   Top    Selector   Space  Class     Delta

                reset_vec                      000000  000003  000003         0       0  CODE        2
                intentry                       000004  0003BC  0003C0         8       0  CODE        2
                cstackBANK0                    000020  000029  000049        20       1  BANK0       1
                cstackCOMMON                   000070  00000C  00007C        70       1  COMMON      1
                strings                        0003C0  000029  0003E9       780       0  STRING      2
                text4                          0003E9  0000D6  0004BF       7D2       0  CODE        2


UNUSED ADDRESS RANGES

        Name                Unused          Largest block    Delta
        BANK0            0049-006F             27           1
        BANK1            00A0-00EF             50           1
        BANK2            0110-016F             60           1
        BANK3            0190-01EF             60           1
        CODE             0003-0003              1           2
                         04BF-1FFF            800
        COMMON           007C-007D              2           1
        CONST            0003-0003              1           2
                         04BF-1FFF            100
        EEDATA           2100-21FF            100           2
        ENTRY            0003-0003              1           2
                         04BF-1FFF            100
        RAM              0049-006F             27           1
                         00A0-00EF             50
                         0110-016F             60
                         0190-01EF             60
        SFR0             0000-001F             20           1
        SFR1             0080-009F             20           1
        SFR2             0100-010F             10           1
        SFR3             0180-018F             10           1
        STRCODE          0003-0003              1           2
                         04BF-1FFF           1B41
        STRING           0003-0003              1           2
                         04BF-1FFF            100

                                  Symbol Table

?___lwdiv                 cstackCOMMON 0072
?___lwmod                 cstackBANK0  0020
?_sprintf                 cstackBANK0  0025
Lcd_Cmd@a                 cstackCOMMON 0075
Lcd_Port@a                cstackCOMMON 0072
Lcd_Set_Cursor@a          cstackCOMMON 0077
Lcd_Set_Cursor@b          cstackCOMMON 0076
Lcd_Set_Cursor@direccion  cstackCOMMON 0078
Lcd_Write_Char@a          cstackCOMMON 0074
Lcd_Write_String@a        cstackCOMMON 0075
Lcd_Write_String@i        cstackBANK0  0020
_ANSEL                    (abs)        0188
_ANSELH                   (abs)        0189
_INTCONbits               (abs)        000B
_IOCBbits                 (abs)        0096
_Lcd_Cmd                  text18       0430
_Lcd_Init                 text10       02AF
_Lcd_Port                 text19       04B6
_Lcd_Set_Cursor           text17       0410
_Lcd_Write_Char           text16       0460
_Lcd_Write_String         text15       02FA
_OPTION_REGbits           (abs)        0081
_OSCCONbits               (abs)        008F
_PORTA                    (abs)        0005
_PORTB                    (abs)        0006
_PORTCbits                (abs)        0007
_PORTD                    (abs)        0008
_PORTE                    (abs)        0009
_RB0                      (abs)        0030
_RE0                      (abs)        0048
_RE1                      (abs)        0049
_ResSlave1                bssBANK0     0044
_ResSlave2                bssBANK0     003F
_ResSlave2C               bssBANK0     003A
_SSPBUF                   (abs)        0013
_SSPCON                   (abs)        0014
_SSPSTAT                  (abs)        0094
_SSPSTATbits              (abs)        0094
_TRISA                    (abs)        0085
_TRISB                    (abs)        0086
_TRISC1                   (abs)        0439
_TRISC2                   (abs)        043A
_TRISC3                   (abs)        043B
_TRISC5                   (abs)        043D
_TRISD                    (abs)        0088
_TRISE                    (abs)        0089
_WPUBbits                 (abs)        0095
__Habs1                   abs1         0000
__Hbank0                  bank0        0000
__Hbank1                  bank1        0000
__Hbank2                  bank2        0000
__Hbank3                  bank3        0000
__HbssBANK0               bssBANK0     0000
__HbssCOMMON              bssCOMMON    0000
__Hcinit                  cinit        001D
__Hclrtext                clrtext      0000
__Hcode                   code         0000
__Hcommon                 common       0000
__Hconfig                 config       2009
__HcstackBANK0            cstackBANK0  0000
__HcstackCOMMON           cstackCOMMON 0000
__Heeprom_data            eeprom_data  0000
__Hend_init               end_init     000F
__Hfunctab                functab      0000
__Hidloc                  idloc        2004
__Hinit                   init         000C
__Hintentry               intentry     000C
__Hmaintext               maintext     0000
__Hpowerup                powerup      0000
__Hram                    ram          0000
__Hreset_vec              reset_vec    0003
__Hsfr0                   sfr0         0000
__Hsfr1                   sfr1         0000
__Hsfr2                   sfr2         0000
__Hsfr3                   sfr3         0000
__Hspace_0                (abs)        04BF
__Hspace_1                (abs)        007C
__Hspace_2                (abs)        0000
__Hspace_3                (abs)        0000
__Hspace_4                (abs)        4010
__Hstack                  stack        0000
__Hstrings                strings      0000
__Htext                   text         0000
__Labs1                   abs1         0000
__Lbank0                  bank0        0000
__Lbank1                  bank1        0000
__Lbank2                  bank2        0000
__Lbank3                  bank3        0000
__LbssBANK0               bssBANK0     0000
__LbssCOMMON              bssCOMMON    0000
__Lcinit                  cinit        000F
__Lclrtext                clrtext      0000
__Lcode                   code         0000
__Lcommon                 common       0000
__Lconfig                 config       0000
__LcstackBANK0            cstackBANK0  0000
__LcstackCOMMON           cstackCOMMON 0000
__Leeprom_data            eeprom_data  0000
__Lend_init               end_init     000C
__Lfunctab                functab      0000
__Lidloc                  idloc        0000
__Linit                   init         000C
__Lintentry               intentry     0004
__Lmaintext               maintext     0000
__Lpowerup                powerup      0000
__Lram                    ram          0000
__Lreset_vec              reset_vec    0000
__Lsfr0                   sfr0         0000
__Lsfr1                   sfr1         0000
__Lsfr2                   sfr2         0000
__Lsfr3                   sfr3         0000
__Lspace_0                (abs)        0000
__Lspace_1                (abs)        0000
__Lspace_2                (abs)        0000
__Lspace_3                (abs)        0000
__Lspace_4                (abs)        0000
__Lstack                  stack        0000
__Lstrings                strings      0000
__Ltext                   text         0000
__S0                      (abs)        04BF
__S1                      (abs)        007C
__S3                      (abs)        0000
___int_sp                 stack        0000
___latbits                (abs)        0002
___lwdiv                  text14       0340
___lwdiv@counter          cstackCOMMON 0079
___lwdiv@dividend         cstackCOMMON 0074
___lwdiv@divisor          cstackCOMMON 0072
___lwdiv@quotient         cstackCOMMON 0077
___lwmod                  text13       0384
___lwmod@counter          cstackBANK0  0024
___lwmod@dividend         cstackBANK0  0022
___lwmod@divisor          cstackBANK0  0020
___sp                     stack        0000
___stackhi                (abs)        0000
___stacklo                (abs)        0000
__end_of_Lcd_Cmd          text18       044A
__end_of_Lcd_Init         text10       02FA
__end_of_Lcd_Port         text19       04BC
__end_of_Lcd_Set_Cursor   text17       0430
__end_of_Lcd_Write_Char   text16       0476
__end_of_Lcd_Write_String text15       0340
__end_of___lwdiv          text14       0384
__end_of___lwmod          text13       03C0
__end_of__initialization  cinit        0019
__end_of__stringtab       strings      03D0
__end_of_configIntbits    text9        04BF
__end_of_configOsc        text8        02AF
__end_of_configPort       text7        048B
__end_of_dpowers          strings      03DA
__end_of_escrituraLCD     text11       01A1
__end_of_isr              text20       04AA
__end_of_main             maintext     023E
__end_of_pullup           text6        04B6
__end_of_setup            text4        0410
__end_of_spiInit          text5        0460
__end_of_spiRead          text2        0494
__end_of_spiReceiveWait   text3        04A3
__end_of_spiWrite         text1        04B0
__end_of_sprintf          text12       00F9
__initialization          cinit        000F
__pbssBANK0               bssBANK0     0037
__pbssCOMMON              bssCOMMON    007B
__pcstackBANK0            cstackBANK0  0020
__pcstackCOMMON           cstackCOMMON 0070
__pintentry               intentry     0004
__pmaintext               maintext     01A1
__pstrings                strings      03C0
__ptext1                  text1        04AA
__ptext10                 text10       02AF
__ptext11                 text11       00F9
__ptext12                 text12       001D
__ptext13                 text13       0384
__ptext14                 text14       0340
__ptext15                 text15       02FA
__ptext16                 text16       0460
__ptext17                 text17       0410
__ptext18                 text18       0430
__ptext19                 text19       04B6
__ptext2                  text2        048B
__ptext20                 text20       04A3
__ptext3                  text3        049C
__ptext4                  text4        03E9
__ptext5                  text5        044A
__ptext6                  text6        04B0
__ptext7                  text7        0476
__ptext8                  text8        023E
__ptext9                  text9        04BC
__stringbase              strings      03CF
__stringtab               strings      03C0
_configIntbits            text9        04BC
_configOsc                text8        023E
_configPort               text7        0476
_dpowers                  strings      03D0
_escrituraLCD             text11       00F9
_isr                      text20       04A3
_main                     maintext     01A1
_pullup                   text6        04B0
_setup                    text4        03E9
_spiInit                  text5        044A
_spiRead                  text2        048B
_spiReceiveWait           text3        049C
_spiWrite                 text1        04AA
_sprintf                  text12       001D
_temp1                    bssBANK0     0039
_temp2                    bssBANK0     0038
_temp3                    bssBANK0     0037
_tipo                     bssCOMMON    007B
btemp                     (abs)        007E
clear_ram0                clrtext      0494
configOsc@freq            cstackCOMMON 0072
end_of_initialization     cinit        0019
interrupt_function        intentry     0004
intlevel0                 functab      0000
intlevel1                 functab      0000
intlevel2                 functab      0000
intlevel3                 functab      0000
intlevel4                 functab      0000
intlevel5                 functab      0000
reset_vec                 reset_vec    0000
saved_w                   (abs)        007E
spiInit@sClockIdle        cstackCOMMON 0073
spiInit@sDataSample       cstackCOMMON 0072
spiInit@sTransmitEdge     cstackCOMMON 0074
spiInit@sType             cstackCOMMON 0075
spiWrite@dat              cstackCOMMON 0072
sprintf@ap                cstackBANK0  002B
sprintf@c                 cstackBANK0  0031
sprintf@f                 cstackBANK0  0025
sprintf@flag              cstackBANK0  002C
sprintf@prec              cstackBANK0  002D
sprintf@sp                cstackBANK0  0030
sprintf@val               cstackBANK0  002E
start                     init         000C
start_initialization      cinit        000F
wtemp0                    (abs)        007E


MODULE INFORMATION

Module		Function		Class		Link	Load	Size
mSPI.c
		_escrituraLCD  		CODE           	00F9	0000	168
		_main          		CODE           	01A1	0000	157
		_isr           		CODE           	04A3	0000	7
		_setup         		CODE           	03E9	0000	39

mSPI.c estimated size: 371

C:\Program Files\Microchip\xc8\v2.40\pic\sources\c90\common\doprnt.c
		_sprintf       		CODE           	001D	0000	220

C:\Program Files\Microchip\xc8\v2.40\pic\sources\c90\common\doprnt.c estimated size: 220

config.c
		_pullup        		CODE           	04B0	0000	6
		_configPort    		CODE           	0476	0000	21
		_configOsc     		CODE           	023E	0000	113
		_configIntbits 		CODE           	04BC	0000	3

config.c estimated size: 143

C:\Program Files\Microchip\xc8\v2.40\pic\sources\c90\common\lwmod.c
		___lwmod       		CODE           	0384	0000	60

C:\Program Files\Microchip\xc8\v2.40\pic\sources\c90\common\lwmod.c estimated size: 60

shared
		__stringtab    		STRING         	03C0	0000	16
		_dpowers       		STRING         	03D0	0000	10
		__initialization		CODE           	000F	0000	10

shared estimated size: 36

SPI.c
		_spiWrite      		CODE           	04AA	0000	6
		_spiInit       		CODE           	044A	0000	22
		_spiReceiveWait		CODE           	049C	0000	7
		_spiRead       		CODE           	048B	0000	9

SPI.c estimated size: 44

C:\Program Files\Microchip\xc8\v2.40\pic\sources\c90\common\lwdiv.c
		___lwdiv       		CODE           	0340	0000	68

C:\Program Files\Microchip\xc8\v2.40\pic\sources\c90\common\lwdiv.c estimated size: 68

LCD.c
		_Lcd_Write_String		CODE           	02FA	0000	70
		_Lcd_Init      		CODE           	02AF	0000	75
		_Lcd_Write_Char		CODE           	0460	0000	22
		_Lcd_Cmd       		CODE           	0430	0000	26
		_Lcd_Set_Cursor		CODE           	0410	0000	32
		_Lcd_Port      		CODE           	04B6	0000	6

LCD.c estimated size: 231

